c:\users\lenovo\source\repos\snowbros\snowbros\x64\debug\vc145.pdb
c:\users\lenovo\source\repos\snowbros\snowbros\x64\debug\vc145.idb
c:\users\lenovo\source\repos\snowbros\snowbros\x64\debug\menu.obj
c:\users\lenovo\source\repos\snowbros\snowbros\x64\debug\main.obj
c:\users\lenovo\source\repos\snowbros\snowbros\x64\debug\game.obj
c:\users\lenovo\source\repos\snowbros\snowbros\x64\debug\settings.obj
c:\users\lenovo\source\repos\snowbros\snowbros\x64\debug\leaderboard.obj
c:\users\lenovo\source\repos\snowbros\snowbros\x64\debug\gameselection.obj
c:\users\lenovo\source\repos\snowbros\snowbros\x64\debug\player.obj
c:\users\lenovo\source\repos\snowbros\snowbros\x64\debug\watermelon.obj
c:\users\lenovo\source\repos\snowbros\snowbros\x64\debug\fallingw.obj
c:\users\lenovo\source\repos\snowbros\snowbros\x64\debug\characterselection.obj
c:\users\lenovo\source\repos\snowbros\snowbros\x64\debug\knife.obj
c:\users\lenovo\source\repos\snowbros\snowbros\x64\debug\tiletetris.obj
c:\users\lenovo\source\repos\snowbros\snowbros\x64\debug\tetromino.obj
c:\users\lenovo\source\repos\snowbros\snowbros\x64\debug\board.obj
c:\users\lenovo\source\repos\snowbros\snowbros\x64\debug\assetmanager.obj
c:\users\lenovo\source\repos\snowbros\snowbros\x64\debug\lanerunner.obj
c:\users\lenovo\source\repos\snowbros\snowbros\x64\debug\snowbros.ilk
c:\users\lenovo\source\repos\snowbros\snowbros\x64\debug\source1.obj
c:\users\lenovo\source\repos\snowbros\snowbros\x64\debug\snowbros.pdb
c:\users\lenovo\source\repos\snowbros\x64\debug\snowbros.pdb
c:\users\lenovo\source\repos\snowbros\snowbros\x64\debug\snowbros.tlog\cl.command.1.tlog
c:\users\lenovo\source\repos\snowbros\snowbros\x64\debug\snowbros.tlog\cl.items.tlog
c:\users\lenovo\source\repos\snowbros\snowbros\x64\debug\snowbros.tlog\cl.read.1.tlog
c:\users\lenovo\source\repos\snowbros\snowbros\x64\debug\snowbros.tlog\cl.write.1.tlog
c:\users\lenovo\source\repos\snowbros\snowbros\x64\debug\snowbros.tlog\link-cvtres.read.1.tlog
c:\users\lenovo\source\repos\snowbros\snowbros\x64\debug\snowbros.tlog\link-cvtres.write.1.tlog
c:\users\lenovo\source\repos\snowbros\snowbros\x64\debug\snowbros.tlog\link-rc.read.1.tlog
c:\users\lenovo\source\repos\snowbros\snowbros\x64\debug\snowbros.tlog\link-rc.write.1.tlog
c:\users\lenovo\source\repos\snowbros\snowbros\x64\debug\snowbros.tlog\link.6504-cvtres.read.1.tlog
c:\users\lenovo\source\repos\snowbros\snowbros\x64\debug\snowbros.tlog\link.6504-cvtres.write.1.tlog
c:\users\lenovo\source\repos\snowbros\snowbros\x64\debug\snowbros.tlog\link.6504-rc.read.1.tlog
c:\users\lenovo\source\repos\snowbros\snowbros\x64\debug\snowbros.tlog\link.6504-rc.write.1.tlog
c:\users\lenovo\source\repos\snowbros\snowbros\x64\debug\snowbros.tlog\link.6504.read.1.tlog
c:\users\lenovo\source\repos\snowbros\snowbros\x64\debug\snowbros.tlog\link.6504.read.2.tlog
c:\users\lenovo\source\repos\snowbros\snowbros\x64\debug\snowbros.tlog\link.6504.write.1.tlog
c:\users\lenovo\source\repos\snowbros\snowbros\x64\debug\snowbros.tlog\link.command.1.tlog
c:\users\lenovo\source\repos\snowbros\snowbros\x64\debug\snowbros.tlog\link.read.1.tlog
c:\users\lenovo\source\repos\snowbros\snowbros\x64\debug\snowbros.tlog\link.read.2.tlog
c:\users\lenovo\source\repos\snowbros\snowbros\x64\debug\snowbros.tlog\link.read.3.tlog
c:\users\lenovo\source\repos\snowbros\snowbros\x64\debug\snowbros.tlog\link.secondary.1.tlog
c:\users\lenovo\source\repos\snowbros\snowbros\x64\debug\snowbros.tlog\link.write.1.tlog
